// Jest Snapshot v1, https://goo.gl/fbAQLP

exports[`Enzyme Renders a table for 100 persons 1`] = `
<div
  className="MuiPaper-root MuiPaper-elevation1 makeStyles-root-1 MuiPaper-rounded"
>
  <table
    className="MuiTable-root makeStyles-table-2"
  >
    <thead
      className="MuiTableHead-root"
    >
      <tr
        className="MuiTableRow-root MuiTableRow-head"
      >
        <th
          aria-sort={null}
          className="MuiTableCell-root makeStyles-header-3 MuiTableCell-head"
          scope="col"
        >
          Name
        </th>
        <th
          aria-sort={null}
          className="MuiTableCell-root makeStyles-header-3 MuiTableCell-head MuiTableCell-alignRight"
          scope="col"
        >
          Title
        </th>
        <th
          aria-sort={null}
          className="MuiTableCell-root makeStyles-header-3 MuiTableCell-head MuiTableCell-alignRight"
          scope="col"
        >
          Email
        </th>
      </tr>
    </thead>
    <tbody
      className="MuiTableBody-root"
    >
      <tr
        className="MuiTableRow-root"
      >
        <th
          aria-sort={null}
          className="MuiTableCell-root makeStyles-cell-4 MuiTableCell-body"
          scope="row"
        >
          John Smith
        </th>
        <td
          aria-sort={null}
          className="MuiTableCell-root makeStyles-cell-4 MuiTableCell-body MuiTableCell-alignRight"
        >
          Central Assurance Administrator
        </td>
        <td
          aria-sort={null}
          className="MuiTableCell-root makeStyles-cell-4 MuiTableCell-body MuiTableCell-alignRight"
        >
          Sedrick_Kihn79@yahoo.com
        </td>
      </tr>
      <tr
        className="MuiTableRow-root"
      >
        <th
          aria-sort={null}
          className="MuiTableCell-root makeStyles-cell-4 MuiTableCell-body"
          scope="row"
        >
          John Smith
        </th>
        <td
          aria-sort={null}
          className="MuiTableCell-root makeStyles-cell-4 MuiTableCell-body MuiTableCell-alignRight"
        >
          Central Assurance Administrator
        </td>
        <td
          aria-sort={null}
          className="MuiTableCell-root makeStyles-cell-4 MuiTableCell-body MuiTableCell-alignRight"
        >
          Madilyn.Conn@yahoo.com
        </td>
      </tr>
      <tr
        className="MuiTableRow-root"
      >
        <th
          aria-sort={null}
          className="MuiTableCell-root makeStyles-cell-4 MuiTableCell-body"
          scope="row"
        >
          John Smith
        </th>
        <td
          aria-sort={null}
          className="MuiTableCell-root makeStyles-cell-4 MuiTableCell-body MuiTableCell-alignRight"
        >
          Central Assurance Administrator
        </td>
        <td
          aria-sort={null}
          className="MuiTableCell-root makeStyles-cell-4 MuiTableCell-body MuiTableCell-alignRight"
        >
          Cristian34@hotmail.com
        </td>
      </tr>
      <tr
        className="MuiTableRow-root"
      >
        <th
          aria-sort={null}
          className="MuiTableCell-root makeStyles-cell-4 MuiTableCell-body"
          scope="row"
        >
          John Smith
        </th>
        <td
          aria-sort={null}
          className="MuiTableCell-root makeStyles-cell-4 MuiTableCell-body MuiTableCell-alignRight"
        >
          Central Assurance Administrator
        </td>
        <td
          aria-sort={null}
          className="MuiTableCell-root makeStyles-cell-4 MuiTableCell-body MuiTableCell-alignRight"
        >
          Bridie20@gmail.com
        </td>
      </tr>
      <tr
        className="MuiTableRow-root"
      >
        <th
          aria-sort={null}
          className="MuiTableCell-root makeStyles-cell-4 MuiTableCell-body"
          scope="row"
        >
          John Smith
        </th>
        <td
          aria-sort={null}
          className="MuiTableCell-root makeStyles-cell-4 MuiTableCell-body MuiTableCell-alignRight"
        >
          Central Assurance Administrator
        </td>
        <td
          aria-sort={null}
          className="MuiTableCell-root makeStyles-cell-4 MuiTableCell-body MuiTableCell-alignRight"
        >
          Helga19@hotmail.com
        </td>
      </tr>
      <tr
        className="MuiTableRow-root"
      >
        <th
          aria-sort={null}
          className="MuiTableCell-root makeStyles-cell-4 MuiTableCell-body"
          scope="row"
        >
          John Smith
        </th>
        <td
          aria-sort={null}
          className="MuiTableCell-root makeStyles-cell-4 MuiTableCell-body MuiTableCell-alignRight"
        >
          Central Assurance Administrator
        </td>
        <td
          aria-sort={null}
          className="MuiTableCell-root makeStyles-cell-4 MuiTableCell-body MuiTableCell-alignRight"
        >
          Mittie_Murphy@yahoo.com
        </td>
      </tr>
      <tr
        className="MuiTableRow-root"
      >
        <th
          aria-sort={null}
          className="MuiTableCell-root makeStyles-cell-4 MuiTableCell-body"
          scope="row"
        >
          John Smith
        </th>
        <td
          aria-sort={null}
          className="MuiTableCell-root makeStyles-cell-4 MuiTableCell-body MuiTableCell-alignRight"
        >
          Central Assurance Administrator
        </td>
        <td
          aria-sort={null}
          className="MuiTableCell-root makeStyles-cell-4 MuiTableCell-body MuiTableCell-alignRight"
        >
          Michale.Wiegand@yahoo.com
        </td>
      </tr>
      <tr
        className="MuiTableRow-root"
      >
        <th
          aria-sort={null}
          className="MuiTableCell-root makeStyles-cell-4 MuiTableCell-body"
          scope="row"
        >
          John Smith
        </th>
        <td
          aria-sort={null}
          className="MuiTableCell-root makeStyles-cell-4 MuiTableCell-body MuiTableCell-alignRight"
        >
          Central Assurance Administrator
        </td>
        <td
          aria-sort={null}
          className="MuiTableCell-root makeStyles-cell-4 MuiTableCell-body MuiTableCell-alignRight"
        >
          Kennedi0@gmail.com
        </td>
      </tr>
      <tr
        className="MuiTableRow-root"
      >
        <th
          aria-sort={null}
          className="MuiTableCell-root makeStyles-cell-4 MuiTableCell-body"
          scope="row"
        >
          John Smith
        </th>
        <td
          aria-sort={null}
          className="MuiTableCell-root makeStyles-cell-4 MuiTableCell-body MuiTableCell-alignRight"
        >
          Central Assurance Administrator
        </td>
        <td
          aria-sort={null}
          className="MuiTableCell-root makeStyles-cell-4 MuiTableCell-body MuiTableCell-alignRight"
        >
          Shirley.Lueilwitz@hotmail.com
        </td>
      </tr>
      <tr
        className="MuiTableRow-root"
      >
        <th
          aria-sort={null}
          className="MuiTableCell-root makeStyles-cell-4 MuiTableCell-body"
          scope="row"
        >
          John Smith
        </th>
        <td
          aria-sort={null}
          className="MuiTableCell-root makeStyles-cell-4 MuiTableCell-body MuiTableCell-alignRight"
        >
          Central Assurance Administrator
        </td>
        <td
          aria-sort={null}
          className="MuiTableCell-root makeStyles-cell-4 MuiTableCell-body MuiTableCell-alignRight"
        >
          Joannie_Crooks35@yahoo.com
        </td>
      </tr>
      <tr
        className="MuiTableRow-root"
      >
        <th
          aria-sort={null}
          className="MuiTableCell-root makeStyles-cell-4 MuiTableCell-body"
          scope="row"
        >
          John Smith
        </th>
        <td
          aria-sort={null}
          className="MuiTableCell-root makeStyles-cell-4 MuiTableCell-body MuiTableCell-alignRight"
        >
          Central Assurance Administrator
        </td>
        <td
          aria-sort={null}
          className="MuiTableCell-root makeStyles-cell-4 MuiTableCell-body MuiTableCell-alignRight"
        >
          Marcelle.Huels72@yahoo.com
        </td>
      </tr>
      <tr
        className="MuiTableRow-root"
      >
        <th
          aria-sort={null}
          className="MuiTableCell-root makeStyles-cell-4 MuiTableCell-body"
          scope="row"
        >
          John Smith
        </th>
        <td
          aria-sort={null}
          className="MuiTableCell-root makeStyles-cell-4 MuiTableCell-body MuiTableCell-alignRight"
        >
          Central Assurance Administrator
        </td>
        <td
          aria-sort={null}
          className="MuiTableCell-root makeStyles-cell-4 MuiTableCell-body MuiTableCell-alignRight"
        >
          Cleora39@hotmail.com
        </td>
      </tr>
      <tr
        className="MuiTableRow-root"
      >
        <th
          aria-sort={null}
          className="MuiTableCell-root makeStyles-cell-4 MuiTableCell-body"
          scope="row"
        >
          John Smith
        </th>
        <td
          aria-sort={null}
          className="MuiTableCell-root makeStyles-cell-4 MuiTableCell-body MuiTableCell-alignRight"
        >
          Central Assurance Administrator
        </td>
        <td
          aria-sort={null}
          className="MuiTableCell-root makeStyles-cell-4 MuiTableCell-body MuiTableCell-alignRight"
        >
          Gregoria.Barrows@gmail.com
        </td>
      </tr>
      <tr
        className="MuiTableRow-root"
      >
        <th
          aria-sort={null}
          className="MuiTableCell-root makeStyles-cell-4 MuiTableCell-body"
          scope="row"
        >
          John Smith
        </th>
        <td
          aria-sort={null}
          className="MuiTableCell-root makeStyles-cell-4 MuiTableCell-body MuiTableCell-alignRight"
        >
          Central Assurance Administrator
        </td>
        <td
          aria-sort={null}
          className="MuiTableCell-root makeStyles-cell-4 MuiTableCell-body MuiTableCell-alignRight"
        >
          Ebony.Koelpin33@hotmail.com
        </td>
      </tr>
      <tr
        className="MuiTableRow-root"
      >
        <th
          aria-sort={null}
          className="MuiTableCell-root makeStyles-cell-4 MuiTableCell-body"
          scope="row"
        >
          John Smith
        </th>
        <td
          aria-sort={null}
          className="MuiTableCell-root makeStyles-cell-4 MuiTableCell-body MuiTableCell-alignRight"
        >
          Central Assurance Administrator
        </td>
        <td
          aria-sort={null}
          className="MuiTableCell-root makeStyles-cell-4 MuiTableCell-body MuiTableCell-alignRight"
        >
          Eunice_DAmore@yahoo.com
        </td>
      </tr>
      <tr
        className="MuiTableRow-root"
      >
        <th
          aria-sort={null}
          className="MuiTableCell-root makeStyles-cell-4 MuiTableCell-body"
          scope="row"
        >
          John Smith
        </th>
        <td
          aria-sort={null}
          className="MuiTableCell-root makeStyles-cell-4 MuiTableCell-body MuiTableCell-alignRight"
        >
          Central Assurance Administrator
        </td>
        <td
          aria-sort={null}
          className="MuiTableCell-root makeStyles-cell-4 MuiTableCell-body MuiTableCell-alignRight"
        >
          Juvenal.Turner9@gmail.com
        </td>
      </tr>
      <tr
        className="MuiTableRow-root"
      >
        <th
          aria-sort={null}
          className="MuiTableCell-root makeStyles-cell-4 MuiTableCell-body"
          scope="row"
        >
          John Smith
        </th>
        <td
          aria-sort={null}
          className="MuiTableCell-root makeStyles-cell-4 MuiTableCell-body MuiTableCell-alignRight"
        >
          Central Assurance Administrator
        </td>
        <td
          aria-sort={null}
          className="MuiTableCell-root makeStyles-cell-4 MuiTableCell-body MuiTableCell-alignRight"
        >
          Jillian36@yahoo.com
        </td>
      </tr>
      <tr
        className="MuiTableRow-root"
      >
        <th
          aria-sort={null}
          className="MuiTableCell-root makeStyles-cell-4 MuiTableCell-body"
          scope="row"
        >
          John Smith
        </th>
        <td
          aria-sort={null}
          className="MuiTableCell-root makeStyles-cell-4 MuiTableCell-body MuiTableCell-alignRight"
        >
          Central Assurance Administrator
        </td>
        <td
          aria-sort={null}
          className="MuiTableCell-root makeStyles-cell-4 MuiTableCell-body MuiTableCell-alignRight"
        >
          Cornelius28@gmail.com
        </td>
      </tr>
      <tr
        className="MuiTableRow-root"
      >
        <th
          aria-sort={null}
          className="MuiTableCell-root makeStyles-cell-4 MuiTableCell-body"
          scope="row"
        >
          John Smith
        </th>
        <td
          aria-sort={null}
          className="MuiTableCell-root makeStyles-cell-4 MuiTableCell-body MuiTableCell-alignRight"
        >
          Central Assurance Administrator
        </td>
        <td
          aria-sort={null}
          className="MuiTableCell-root makeStyles-cell-4 MuiTableCell-body MuiTableCell-alignRight"
        >
          Ephraim38@hotmail.com
        </td>
      </tr>
      <tr
        className="MuiTableRow-root"
      >
        <th
          aria-sort={null}
          className="MuiTableCell-root makeStyles-cell-4 MuiTableCell-body"
          scope="row"
        >
          John Smith
        </th>
        <td
          aria-sort={null}
          className="MuiTableCell-root makeStyles-cell-4 MuiTableCell-body MuiTableCell-alignRight"
        >
          Central Assurance Administrator
        </td>
        <td
          aria-sort={null}
          className="MuiTableCell-root makeStyles-cell-4 MuiTableCell-body MuiTableCell-alignRight"
        >
          Liana_Kuhic57@hotmail.com
        </td>
      </tr>
      <tr
        className="MuiTableRow-root"
      >
        <th
          aria-sort={null}
          className="MuiTableCell-root makeStyles-cell-4 MuiTableCell-body"
          scope="row"
        >
          John Smith
        </th>
        <td
          aria-sort={null}
          className="MuiTableCell-root makeStyles-cell-4 MuiTableCell-body MuiTableCell-alignRight"
        >
          Central Assurance Administrator
        </td>
        <td
          aria-sort={null}
          className="MuiTableCell-root makeStyles-cell-4 MuiTableCell-body MuiTableCell-alignRight"
        >
          Hudson_Block@gmail.com
        </td>
      </tr>
      <tr
        className="MuiTableRow-root"
      >
        <th
          aria-sort={null}
          className="MuiTableCell-root makeStyles-cell-4 MuiTableCell-body"
          scope="row"
        >
          John Smith
        </th>
        <td
          aria-sort={null}
          className="MuiTableCell-root makeStyles-cell-4 MuiTableCell-body MuiTableCell-alignRight"
        >
          Central Assurance Administrator
        </td>
        <td
          aria-sort={null}
          className="MuiTableCell-root makeStyles-cell-4 MuiTableCell-body MuiTableCell-alignRight"
        >
          Rosendo_Wiegand66@hotmail.com
        </td>
      </tr>
      <tr
        className="MuiTableRow-root"
      >
        <th
          aria-sort={null}
          className="MuiTableCell-root makeStyles-cell-4 MuiTableCell-body"
          scope="row"
        >
          John Smith
        </th>
        <td
          aria-sort={null}
          className="MuiTableCell-root makeStyles-cell-4 MuiTableCell-body MuiTableCell-alignRight"
        >
          Central Assurance Administrator
        </td>
        <td
          aria-sort={null}
          className="MuiTableCell-root makeStyles-cell-4 MuiTableCell-body MuiTableCell-alignRight"
        >
          Maddison.Kovacek3@hotmail.com
        </td>
      </tr>
      <tr
        className="MuiTableRow-root"
      >
        <th
          aria-sort={null}
          className="MuiTableCell-root makeStyles-cell-4 MuiTableCell-body"
          scope="row"
        >
          John Smith
        </th>
        <td
          aria-sort={null}
          className="MuiTableCell-root makeStyles-cell-4 MuiTableCell-body MuiTableCell-alignRight"
        >
          Central Assurance Administrator
        </td>
        <td
          aria-sort={null}
          className="MuiTableCell-root makeStyles-cell-4 MuiTableCell-body MuiTableCell-alignRight"
        >
          Jaleel.Gerhold52@hotmail.com
        </td>
      </tr>
      <tr
        className="MuiTableRow-root"
      >
        <th
          aria-sort={null}
          className="MuiTableCell-root makeStyles-cell-4 MuiTableCell-body"
          scope="row"
        >
          John Smith
        </th>
        <td
          aria-sort={null}
          className="MuiTableCell-root makeStyles-cell-4 MuiTableCell-body MuiTableCell-alignRight"
        >
          Central Assurance Administrator
        </td>
        <td
          aria-sort={null}
          className="MuiTableCell-root makeStyles-cell-4 MuiTableCell-body MuiTableCell-alignRight"
        >
          Morton_Huel54@hotmail.com
        </td>
      </tr>
      <tr
        className="MuiTableRow-root"
      >
        <th
          aria-sort={null}
          className="MuiTableCell-root makeStyles-cell-4 MuiTableCell-body"
          scope="row"
        >
          John Smith
        </th>
        <td
          aria-sort={null}
          className="MuiTableCell-root makeStyles-cell-4 MuiTableCell-body MuiTableCell-alignRight"
        >
          Central Assurance Administrator
        </td>
        <td
          aria-sort={null}
          className="MuiTableCell-root makeStyles-cell-4 MuiTableCell-body MuiTableCell-alignRight"
        >
          Aliya.Roberts69@yahoo.com
        </td>
      </tr>
      <tr
        className="MuiTableRow-root"
      >
        <th
          aria-sort={null}
          className="MuiTableCell-root makeStyles-cell-4 MuiTableCell-body"
          scope="row"
        >
          John Smith
        </th>
        <td
          aria-sort={null}
          className="MuiTableCell-root makeStyles-cell-4 MuiTableCell-body MuiTableCell-alignRight"
        >
          Central Assurance Administrator
        </td>
        <td
          aria-sort={null}
          className="MuiTableCell-root makeStyles-cell-4 MuiTableCell-body MuiTableCell-alignRight"
        >
          Xzavier_Gibson@gmail.com
        </td>
      </tr>
      <tr
        className="MuiTableRow-root"
      >
        <th
          aria-sort={null}
          className="MuiTableCell-root makeStyles-cell-4 MuiTableCell-body"
          scope="row"
        >
          John Smith
        </th>
        <td
          aria-sort={null}
          className="MuiTableCell-root makeStyles-cell-4 MuiTableCell-body MuiTableCell-alignRight"
        >
          Central Assurance Administrator
        </td>
        <td
          aria-sort={null}
          className="MuiTableCell-root makeStyles-cell-4 MuiTableCell-body MuiTableCell-alignRight"
        >
          Easter24@yahoo.com
        </td>
      </tr>
      <tr
        className="MuiTableRow-root"
      >
        <th
          aria-sort={null}
          className="MuiTableCell-root makeStyles-cell-4 MuiTableCell-body"
          scope="row"
        >
          John Smith
        </th>
        <td
          aria-sort={null}
          className="MuiTableCell-root makeStyles-cell-4 MuiTableCell-body MuiTableCell-alignRight"
        >
          Central Assurance Administrator
        </td>
        <td
          aria-sort={null}
          className="MuiTableCell-root makeStyles-cell-4 MuiTableCell-body MuiTableCell-alignRight"
        >
          Geovanny60@yahoo.com
        </td>
      </tr>
      <tr
        className="MuiTableRow-root"
      >
        <th
          aria-sort={null}
          className="MuiTableCell-root makeStyles-cell-4 MuiTableCell-body"
          scope="row"
        >
          John Smith
        </th>
        <td
          aria-sort={null}
          className="MuiTableCell-root makeStyles-cell-4 MuiTableCell-body MuiTableCell-alignRight"
        >
          Central Assurance Administrator
        </td>
        <td
          aria-sort={null}
          className="MuiTableCell-root makeStyles-cell-4 MuiTableCell-body MuiTableCell-alignRight"
        >
          Ally.Murphy85@yahoo.com
        </td>
      </tr>
      <tr
        className="MuiTableRow-root"
      >
        <th
          aria-sort={null}
          className="MuiTableCell-root makeStyles-cell-4 MuiTableCell-body"
          scope="row"
        >
          John Smith
        </th>
        <td
          aria-sort={null}
          className="MuiTableCell-root makeStyles-cell-4 MuiTableCell-body MuiTableCell-alignRight"
        >
          Central Assurance Administrator
        </td>
        <td
          aria-sort={null}
          className="MuiTableCell-root makeStyles-cell-4 MuiTableCell-body MuiTableCell-alignRight"
        >
          Cory.Koch@yahoo.com
        </td>
      </tr>
      <tr
        className="MuiTableRow-root"
      >
        <th
          aria-sort={null}
          className="MuiTableCell-root makeStyles-cell-4 MuiTableCell-body"
          scope="row"
        >
          John Smith
        </th>
        <td
          aria-sort={null}
          className="MuiTableCell-root makeStyles-cell-4 MuiTableCell-body MuiTableCell-alignRight"
        >
          Central Assurance Administrator
        </td>
        <td
          aria-sort={null}
          className="MuiTableCell-root makeStyles-cell-4 MuiTableCell-body MuiTableCell-alignRight"
        >
          Natasha.OConnell6@yahoo.com
        </td>
      </tr>
      <tr
        className="MuiTableRow-root"
      >
        <th
          aria-sort={null}
          className="MuiTableCell-root makeStyles-cell-4 MuiTableCell-body"
          scope="row"
        >
          John Smith
        </th>
        <td
          aria-sort={null}
          className="MuiTableCell-root makeStyles-cell-4 MuiTableCell-body MuiTableCell-alignRight"
        >
          Central Assurance Administrator
        </td>
        <td
          aria-sort={null}
          className="MuiTableCell-root makeStyles-cell-4 MuiTableCell-body MuiTableCell-alignRight"
        >
          Efren.Bode11@gmail.com
        </td>
      </tr>
      <tr
        className="MuiTableRow-root"
      >
        <th
          aria-sort={null}
          className="MuiTableCell-root makeStyles-cell-4 MuiTableCell-body"
          scope="row"
        >
          John Smith
        </th>
        <td
          aria-sort={null}
          className="MuiTableCell-root makeStyles-cell-4 MuiTableCell-body MuiTableCell-alignRight"
        >
          Central Assurance Administrator
        </td>
        <td
          aria-sort={null}
          className="MuiTableCell-root makeStyles-cell-4 MuiTableCell-body MuiTableCell-alignRight"
        >
          Melyna_Gislason4@yahoo.com
        </td>
      </tr>
      <tr
        className="MuiTableRow-root"
      >
        <th
          aria-sort={null}
          className="MuiTableCell-root makeStyles-cell-4 MuiTableCell-body"
          scope="row"
        >
          John Smith
        </th>
        <td
          aria-sort={null}
          className="MuiTableCell-root makeStyles-cell-4 MuiTableCell-body MuiTableCell-alignRight"
        >
          Central Assurance Administrator
        </td>
        <td
          aria-sort={null}
          className="MuiTableCell-root makeStyles-cell-4 MuiTableCell-body MuiTableCell-alignRight"
        >
          Andre.Schinner@hotmail.com
        </td>
      </tr>
      <tr
        className="MuiTableRow-root"
      >
        <th
          aria-sort={null}
          className="MuiTableCell-root makeStyles-cell-4 MuiTableCell-body"
          scope="row"
        >
          John Smith
        </th>
        <td
          aria-sort={null}
          className="MuiTableCell-root makeStyles-cell-4 MuiTableCell-body MuiTableCell-alignRight"
        >
          Central Assurance Administrator
        </td>
        <td
          aria-sort={null}
          className="MuiTableCell-root makeStyles-cell-4 MuiTableCell-body MuiTableCell-alignRight"
        >
          Valentina3@hotmail.com
        </td>
      </tr>
      <tr
        className="MuiTableRow-root"
      >
        <th
          aria-sort={null}
          className="MuiTableCell-root makeStyles-cell-4 MuiTableCell-body"
          scope="row"
        >
          John Smith
        </th>
        <td
          aria-sort={null}
          className="MuiTableCell-root makeStyles-cell-4 MuiTableCell-body MuiTableCell-alignRight"
        >
          Central Assurance Administrator
        </td>
        <td
          aria-sort={null}
          className="MuiTableCell-root makeStyles-cell-4 MuiTableCell-body MuiTableCell-alignRight"
        >
          Osborne_Ryan20@yahoo.com
        </td>
      </tr>
      <tr
        className="MuiTableRow-root"
      >
        <th
          aria-sort={null}
          className="MuiTableCell-root makeStyles-cell-4 MuiTableCell-body"
          scope="row"
        >
          John Smith
        </th>
        <td
          aria-sort={null}
          className="MuiTableCell-root makeStyles-cell-4 MuiTableCell-body MuiTableCell-alignRight"
        >
          Central Assurance Administrator
        </td>
        <td
          aria-sort={null}
          className="MuiTableCell-root makeStyles-cell-4 MuiTableCell-body MuiTableCell-alignRight"
        >
          Veronica_Kris44@hotmail.com
        </td>
      </tr>
      <tr
        className="MuiTableRow-root"
      >
        <th
          aria-sort={null}
          className="MuiTableCell-root makeStyles-cell-4 MuiTableCell-body"
          scope="row"
        >
          John Smith
        </th>
        <td
          aria-sort={null}
          className="MuiTableCell-root makeStyles-cell-4 MuiTableCell-body MuiTableCell-alignRight"
        >
          Central Assurance Administrator
        </td>
        <td
          aria-sort={null}
          className="MuiTableCell-root makeStyles-cell-4 MuiTableCell-body MuiTableCell-alignRight"
        >
          Oma_Renner@yahoo.com
        </td>
      </tr>
      <tr
        className="MuiTableRow-root"
      >
        <th
          aria-sort={null}
          className="MuiTableCell-root makeStyles-cell-4 MuiTableCell-body"
          scope="row"
        >
          John Smith
        </th>
        <td
          aria-sort={null}
          className="MuiTableCell-root makeStyles-cell-4 MuiTableCell-body MuiTableCell-alignRight"
        >
          Central Assurance Administrator
        </td>
        <td
          aria-sort={null}
          className="MuiTableCell-root makeStyles-cell-4 MuiTableCell-body MuiTableCell-alignRight"
        >
          Johan_Gleichner3@gmail.com
        </td>
      </tr>
      <tr
        className="MuiTableRow-root"
      >
        <th
          aria-sort={null}
          className="MuiTableCell-root makeStyles-cell-4 MuiTableCell-body"
          scope="row"
        >
          John Smith
        </th>
        <td
          aria-sort={null}
          className="MuiTableCell-root makeStyles-cell-4 MuiTableCell-body MuiTableCell-alignRight"
        >
          Central Assurance Administrator
        </td>
        <td
          aria-sort={null}
          className="MuiTableCell-root makeStyles-cell-4 MuiTableCell-body MuiTableCell-alignRight"
        >
          Avis.Rutherford@yahoo.com
        </td>
      </tr>
      <tr
        className="MuiTableRow-root"
      >
        <th
          aria-sort={null}
          className="MuiTableCell-root makeStyles-cell-4 MuiTableCell-body"
          scope="row"
        >
          John Smith
        </th>
        <td
          aria-sort={null}
          className="MuiTableCell-root makeStyles-cell-4 MuiTableCell-body MuiTableCell-alignRight"
        >
          Central Assurance Administrator
        </td>
        <td
          aria-sort={null}
          className="MuiTableCell-root makeStyles-cell-4 MuiTableCell-body MuiTableCell-alignRight"
        >
          Marcos.Donnelly@hotmail.com
        </td>
      </tr>
      <tr
        className="MuiTableRow-root"
      >
        <th
          aria-sort={null}
          className="MuiTableCell-root makeStyles-cell-4 MuiTableCell-body"
          scope="row"
        >
          John Smith
        </th>
        <td
          aria-sort={null}
          className="MuiTableCell-root makeStyles-cell-4 MuiTableCell-body MuiTableCell-alignRight"
        >
          Central Assurance Administrator
        </td>
        <td
          aria-sort={null}
          className="MuiTableCell-root makeStyles-cell-4 MuiTableCell-body MuiTableCell-alignRight"
        >
          Rosie.Powlowski54@hotmail.com
        </td>
      </tr>
      <tr
        className="MuiTableRow-root"
      >
        <th
          aria-sort={null}
          className="MuiTableCell-root makeStyles-cell-4 MuiTableCell-body"
          scope="row"
        >
          John Smith
        </th>
        <td
          aria-sort={null}
          className="MuiTableCell-root makeStyles-cell-4 MuiTableCell-body MuiTableCell-alignRight"
        >
          Central Assurance Administrator
        </td>
        <td
          aria-sort={null}
          className="MuiTableCell-root makeStyles-cell-4 MuiTableCell-body MuiTableCell-alignRight"
        >
          Elton.Bergnaum@yahoo.com
        </td>
      </tr>
      <tr
        className="MuiTableRow-root"
      >
        <th
          aria-sort={null}
          className="MuiTableCell-root makeStyles-cell-4 MuiTableCell-body"
          scope="row"
        >
          John Smith
        </th>
        <td
          aria-sort={null}
          className="MuiTableCell-root makeStyles-cell-4 MuiTableCell-body MuiTableCell-alignRight"
        >
          Central Assurance Administrator
        </td>
        <td
          aria-sort={null}
          className="MuiTableCell-root makeStyles-cell-4 MuiTableCell-body MuiTableCell-alignRight"
        >
          America_Jast23@hotmail.com
        </td>
      </tr>
      <tr
        className="MuiTableRow-root"
      >
        <th
          aria-sort={null}
          className="MuiTableCell-root makeStyles-cell-4 MuiTableCell-body"
          scope="row"
        >
          John Smith
        </th>
        <td
          aria-sort={null}
          className="MuiTableCell-root makeStyles-cell-4 MuiTableCell-body MuiTableCell-alignRight"
        >
          Central Assurance Administrator
        </td>
        <td
          aria-sort={null}
          className="MuiTableCell-root makeStyles-cell-4 MuiTableCell-body MuiTableCell-alignRight"
        >
          Colton.Mayert79@yahoo.com
        </td>
      </tr>
      <tr
        className="MuiTableRow-root"
      >
        <th
          aria-sort={null}
          className="MuiTableCell-root makeStyles-cell-4 MuiTableCell-body"
          scope="row"
        >
          John Smith
        </th>
        <td
          aria-sort={null}
          className="MuiTableCell-root makeStyles-cell-4 MuiTableCell-body MuiTableCell-alignRight"
        >
          Central Assurance Administrator
        </td>
        <td
          aria-sort={null}
          className="MuiTableCell-root makeStyles-cell-4 MuiTableCell-body MuiTableCell-alignRight"
        >
          Guy24@gmail.com
        </td>
      </tr>
      <tr
        className="MuiTableRow-root"
      >
        <th
          aria-sort={null}
          className="MuiTableCell-root makeStyles-cell-4 MuiTableCell-body"
          scope="row"
        >
          John Smith
        </th>
        <td
          aria-sort={null}
          className="MuiTableCell-root makeStyles-cell-4 MuiTableCell-body MuiTableCell-alignRight"
        >
          Central Assurance Administrator
        </td>
        <td
          aria-sort={null}
          className="MuiTableCell-root makeStyles-cell-4 MuiTableCell-body MuiTableCell-alignRight"
        >
          Maggie83@hotmail.com
        </td>
      </tr>
      <tr
        className="MuiTableRow-root"
      >
        <th
          aria-sort={null}
          className="MuiTableCell-root makeStyles-cell-4 MuiTableCell-body"
          scope="row"
        >
          John Smith
        </th>
        <td
          aria-sort={null}
          className="MuiTableCell-root makeStyles-cell-4 MuiTableCell-body MuiTableCell-alignRight"
        >
          Central Assurance Administrator
        </td>
        <td
          aria-sort={null}
          className="MuiTableCell-root makeStyles-cell-4 MuiTableCell-body MuiTableCell-alignRight"
        >
          Jason_Macejkovic@gmail.com
        </td>
      </tr>
      <tr
        className="MuiTableRow-root"
      >
        <th
          aria-sort={null}
          className="MuiTableCell-root makeStyles-cell-4 MuiTableCell-body"
          scope="row"
        >
          John Smith
        </th>
        <td
          aria-sort={null}
          className="MuiTableCell-root makeStyles-cell-4 MuiTableCell-body MuiTableCell-alignRight"
        >
          Central Assurance Administrator
        </td>
        <td
          aria-sort={null}
          className="MuiTableCell-root makeStyles-cell-4 MuiTableCell-body MuiTableCell-alignRight"
        >
          Rowland71@yahoo.com
        </td>
      </tr>
    </tbody>
  </table>
  <div
    className="MuiTablePagination-root"
  >
    <div
      className="MuiToolbar-root MuiToolbar-regular MuiTablePagination-toolbar MuiToolbar-gutters"
    >
      <div
        className="MuiTablePagination-spacer"
      />
      <span
        className="MuiTypography-root MuiTablePagination-caption MuiTypography-caption MuiTypography-colorInherit"
      >
        1-50 of 100
      </span>
      <div
        className="MuiTablePagination-actions"
      >
        <button
          aria-label="Previous Page"
          className="MuiButtonBase-root MuiIconButton-root MuiIconButton-colorInherit Mui-disabled Mui-disabled"
          disabled={true}
          onBlur={[Function]}
          onClick={[Function]}
          onFocus={[Function]}
          onKeyDown={[Function]}
          onKeyUp={[Function]}
          onMouseDown={[Function]}
          onMouseLeave={[Function]}
          onMouseUp={[Function]}
          onTouchEnd={[Function]}
          onTouchMove={[Function]}
          onTouchStart={[Function]}
          tabIndex={-1}
          type="button"
        >
          <span
            className="MuiIconButton-label"
          >
            <svg
              aria-hidden="true"
              className="MuiSvgIcon-root"
              focusable="false"
              role="presentation"
              viewBox="0 0 24 24"
            >
              <path
                d="M15.41 16.09l-4.58-4.59 4.58-4.59L14 5.5l-6 6 6 6z"
              />
            </svg>
          </span>
        </button>
        <button
          aria-label="Next Page"
          className="MuiButtonBase-root MuiIconButton-root MuiIconButton-colorInherit"
          disabled={false}
          onBlur={[Function]}
          onClick={[Function]}
          onFocus={[Function]}
          onKeyDown={[Function]}
          onKeyUp={[Function]}
          onMouseDown={[Function]}
          onMouseLeave={[Function]}
          onMouseUp={[Function]}
          onTouchEnd={[Function]}
          onTouchMove={[Function]}
          onTouchStart={[Function]}
          tabIndex={0}
          type="button"
        >
          <span
            className="MuiIconButton-label"
          >
            <svg
              aria-hidden="true"
              className="MuiSvgIcon-root"
              focusable="false"
              role="presentation"
              viewBox="0 0 24 24"
            >
              <path
                d="M8.59 16.34l4.58-4.59-4.58-4.59L10 5.75l6 6-6 6z"
              />
            </svg>
          </span>
        </button>
      </div>
    </div>
  </div>
</div>
`;
